nem_slice version 4.10
Performing an elemental load balance with the following parameters...
Machine Description
	architecture: mesh
	dimension(s): 2
	total number of processors: 2
Load Balance Parameters
	type: multilevel
	number of sections: 1
	refinement: Kernighan-Lin
Eigensolver Parameters
	eignsolver tolerance: 0.001000
Weighting Parameters
	no weighting
Miscellaneous Options
	SPHERES are being treated as concentrated mass - connectivity exists
	WARNING: side id error checks turned off
ExodusII mesh information
	title: cubit(/home/geiss/workspace/STK_Testing/TestMesh/Cube8Elems.g): 09/08/2016: 16:0
	geometry dimension: 3
	number of nodes: 27	number of elements: 8
	number of element blocks: 2
	number of node sets: 3	number of side sets: 2
Time to read mesh parameters: 0.000498s
Time to read mesh: 0.000233s
Time to find surrounding elements: 0.000034s
Time to find the adjacency: 0.000015s
Time to generate graph: 0.000051s
===================Call Chaco===========================
Parameter file `User_Params' not found; using default parameters.


           Input and Parameter Values

# vertices = 8, # edges = 28
Global method: Multilevel-KL
Number of vertices to coarsen down to: 200
Eigen tolerance: 0.001
Local method: Kernighan-Lin
Partitioning target: 1-dimensional mesh of size 2
Partitioning mode: Bisection
Random seed: 1
Active Parameters:
  CHECK_INPUT = True
  LANCZOS_TYPE:  Selective orthogonalization
  EIGEN_TOLERANCE = 0.001
  SRESTOL = -1 ... autoset to square of eigen tolerance
  LANCZOS_MAXITNS = -1 ... autoset to twice # vertices
  LANCZOS_SO_PRECISION = 2 ... double precision
  LANCZOS_SO_INTERVAL = 10
  LANCZOS_CONVERGENCE_MODE = 0 ... residual tolerance
  BISECTION_SAFETY = 10
  LANCZOS_TIME = 0 ... no detailed timing
  WARNING_EVECS = 2
  MAPPING_TYPE = 1 ... min-cost assignment
  MAKE_CONNECTED = True
  PERTURB = False
  COARSEN_RATIO_MIN = 0.7
  COARSE_NLEVEL_KL = 2
  MATCH_TYPE = 1
  HEAVY_MATCH = False
  COARSE_KL_BOTTOM = True
  COARSEN_VWGTS = True
  COARSEN_EWGTS = True
  KL_ONLY_BNDY = True
  KL_RANDOM = True
  KL_METRIC = Hops
  KL_NTRIES_BAD = 1
  KL_BAD_MOVES = 20
  KL_UNDO_LIST = True
  KL_IMBALANCE = 0
  TERM_PROP = False
  OUTPUT_METRICS = 2
  MAKE_VWGTS = False
  REFINE_MAP = False
  REFINE_PARTITION = 0
  INTERNAL_VERTICES = False
  DEBUG_PARAMS = 2



Starting to partition ...



                     Partitioning Results

After full partitioning  (nsets = 2)

                            Total      Max/Set      Min/Set
                            -----      -------      -------
Set Size:                       8            4            4
Edge Cuts:                     16           16           16
Mesh Hops:                     16           16           16
Boundary Vertices:              8            4            4
Boundary Vertex Hops:           8            4            4
Adjacent Sets:                  2            1            1
Internal Vertices:              0            0            0

========================================================
Time in Chaco: 0.000414s
Time to generate load balance: 0.000420s
Time for elemental categorization: 0.000034s
Nodal categorization: 0.000011s
Find procs for border nodes: 0.000019s
Order elem cmaps: 0.000002s
Make cmaps consistent: 0.000003s
Time to generate load-balance maps: 0.000083s
Outputting load balance to file Cube8Elems.g.nem
QA Record:
	nem_slice
	4.10
	15 Nov 2016
	14:00:14
Time to write Nemesis file: 0.017753s
